// Jest Snapshot v1, https://goo.gl/fbAQLP

exports[`App component renders App 1`] = `
<DocumentFragment>
  <div
    class="main"
  >
    <header
      style="height: 120px; border: 1px solid black;"
    >
      <h1
        style="text-align: center;"
      >
        News Search
      </h1>
      <form
        style="text-align: center;"
      >
        <input
          data-testid="search-input"
          placeholder="Search all articles..."
        />
      </form>
    </header>
    Loading...
  </div>
</DocumentFragment>
`;
